bash: kani: command not found...
